// Jest Snapshot v1, https://goo.gl/fbAQLP

exports[`should render ExpenseDashboardPage correctly 1`] = `
<div>
  <ExpenseSummary
    expensesCount={3}
    expensesTotal={39}
  />
  <Connect(ExpenseListFilters) />
  <Connect(ExpenseList) />
</div>
`;
